<<<<<<< HEAD
08:56:41 [MESSAGE] The app has started up!
09:04:07 [MESSAGE] The app has started up!
=======
09:24:43 [MESSAGE] The app has started up!
09:25:55 [MESSAGE] The app has started up!
09:40:09 [MESSAGE] The app has started up!
09:51:07 [MESSAGE] The app has started up!
09:58:46 [MESSAGE] The app has started up!
10:04:10 [MESSAGE] The app has started up!
<<<<<<< HEAD
>>>>>>> web
=======
10:14:19 [MESSAGE] The app has started up!
10:33:42 [MESSAGE] The app has started up!
10:46:21 [MESSAGE] The app has started up!
10:57:54 [MESSAGE] The app has started up!
11:03:50 [MESSAGE] The app has started up!
11:28:08 [MESSAGE] The app has started up!
11:28:44 [MESSAGE] The app has started up!
11:51:14 [MESSAGE] The app has started up!
11:54:22 [MESSAGE] The app has started up!
11:54:53 [MESSAGE] The app has started up!
11:55:32 [MESSAGE] The app has started up!
>>>>>>> web
