00:11:20 [ERROR] Cant initalise module 'dfgfgdh' because __plugin_init__.py is not present
00:11:20 [ERROR] Cant initalise module 'more_plugins' because __plugin_init__.py is not present
00:11:20 [ERROR] Cant initalise module 'second Plugin Lol' because __plugin_init__.py is not present
00:11:20 [ERROR] Cant initalise module 'this is a veeeeeeeeeeerrrrrryy looooong plugin naaame' because __plugin_init__.py is not present
00:11:20 [ERROR] Cant initalise module 'uhhhh whatever' because __plugin_init__.py is not present
00:21:09 [ERROR] Cant initalise module 'dfgfgdh' because __plugin_init__.py is not present
00:21:09 [ERROR] Cant initalise module 'more_plugins' because __plugin_init__.py is not present
00:21:09 [ERROR] Cant initalise module 'second Plugin Lol' because __plugin_init__.py is not present
00:21:09 [ERROR] Cant initalise module 'this is a veeeeeeeeeeerrrrrryy looooong plugin naaame' because __plugin_init__.py is not present
00:21:09 [ERROR] Cant initalise module 'uhhhh whatever' because __plugin_init__.py is not present
00:30:45 [ERROR] Cant initalise module 'dfgfgdh' because __plugin_init__.py is not present
00:30:45 [ERROR] Cant initalise module 'more_plugins' because __plugin_init__.py is not present
00:30:45 [ERROR] Cant initalise module 'second Plugin Lol' because __plugin_init__.py is not present
00:30:45 [ERROR] Cant initalise module 'this is a veeeeeeeeeeerrrrrryy looooong plugin naaame' because __plugin_init__.py is not present
00:30:45 [ERROR] Cant initalise module 'uhhhh whatever' because __plugin_init__.py is not present
00:32:11 [ERROR] Cant initalise module 'dfgfgdh' because __plugin_init__.py is not present
00:32:11 [ERROR] Cant initalise module 'more_plugins' because __plugin_init__.py is not present
00:32:11 [ERROR] Cant initalise module 'second Plugin Lol' because __plugin_init__.py is not present
00:32:11 [ERROR] Cant initalise module 'this is a veeeeeeeeeeerrrrrryy looooong plugin naaame' because __plugin_init__.py is not present
00:32:11 [ERROR] Cant initalise module 'uhhhh whatever' because __plugin_init__.py is not present
00:38:06 [ERROR] Cant initalise module 'dfgfgdh' because __plugin_init__.py is not present
00:38:06 [ERROR] Cant initalise module 'more_plugins' because __plugin_init__.py is not present
00:38:06 [ERROR] Cant initalise module 'second Plugin Lol' because __plugin_init__.py is not present
00:38:06 [ERROR] Cant initalise module 'this is a veeeeeeeeeeerrrrrryy looooong plugin naaame' because __plugin_init__.py is not present
00:38:06 [ERROR] Cant initalise module 'uhhhh whatever' because __plugin_init__.py is not present
00:44:43 [ERROR] Cant initalise module 'dfgfgdh' because __plugin_init__.py is not present
00:44:43 [ERROR] Cant initalise module 'more_plugins' because __plugin_init__.py is not present
00:44:43 [ERROR] Cant initalise module 'second Plugin Lol' because __plugin_init__.py is not present
00:44:43 [ERROR] Cant initalise module 'this is a veeeeeeeeeeerrrrrryy looooong plugin naaame' because __plugin_init__.py is not present
00:44:43 [ERROR] Cant initalise module 'uhhhh whatever' because __plugin_init__.py is not present
00:49:56 [ERROR] Cant initalise module 'dfgfgdh' because __plugin_init__.py is not present
00:49:56 [ERROR] Cant initalise module 'more_plugins' because __plugin_init__.py is not present
00:49:56 [ERROR] Cant initalise module 'second Plugin Lol' because __plugin_init__.py is not present
00:49:56 [ERROR] Cant initalise module 'this is a veeeeeeeeeeerrrrrryy looooong plugin naaame' because __plugin_init__.py is not present
00:49:56 [ERROR] Cant initalise module 'uhhhh whatever' because __plugin_init__.py is not present
00:50:35 [ERROR] Cant initalise module 'dfgfgdh' because __plugin_init__.py is not present
00:50:35 [ERROR] Cant initalise module 'more_plugins' because __plugin_init__.py is not present
00:50:35 [ERROR] Cant initalise module 'second Plugin Lol' because __plugin_init__.py is not present
00:50:35 [ERROR] Cant initalise module 'this is a veeeeeeeeeeerrrrrryy looooong plugin naaame' because __plugin_init__.py is not present
00:50:35 [ERROR] Cant initalise module 'uhhhh whatever' because __plugin_init__.py is not present
00:51:22 [ERROR] Cant initalise module 'dfgfgdh' because __plugin_init__.py is not present
00:51:22 [ERROR] Cant initalise module 'more_plugins' because __plugin_init__.py is not present
00:51:22 [ERROR] Cant initalise module 'second Plugin Lol' because __plugin_init__.py is not present
00:51:22 [ERROR] Cant initalise module 'this is a veeeeeeeeeeerrrrrryy looooong plugin naaame' because __plugin_init__.py is not present
00:51:22 [ERROR] Cant initalise module 'uhhhh whatever' because __plugin_init__.py is not present
00:52:10 [ERROR] Cant initalise module 'dfgfgdh' because __plugin_init__.py is not present
00:52:10 [ERROR] Cant initalise module 'more_plugins' because __plugin_init__.py is not present
00:52:10 [ERROR] Cant initalise module 'second Plugin Lol' because __plugin_init__.py is not present
00:52:10 [ERROR] Cant initalise module 'this is a veeeeeeeeeeerrrrrryy looooong plugin naaame' because __plugin_init__.py is not present
00:52:10 [ERROR] Cant initalise module 'uhhhh whatever' because __plugin_init__.py is not present
00:57:29 [ERROR] Cant initalise module 'dfgfgdh' because __plugin_init__.py is not present
00:57:29 [ERROR] Cant initalise module 'more_plugins' because __plugin_init__.py is not present
00:57:29 [ERROR] Cant initalise module 'second Plugin Lol' because __plugin_init__.py is not present
00:57:29 [ERROR] Cant initalise module 'this is a veeeeeeeeeeerrrrrryy looooong plugin naaame' because __plugin_init__.py is not present
00:57:29 [ERROR] Cant initalise module 'uhhhh whatever' because __plugin_init__.py is not present
00:58:02 [ERROR] Cant initalise module 'dfgfgdh' because __plugin_init__.py is not present
00:58:02 [ERROR] Cant initalise module 'more_plugins' because __plugin_init__.py is not present
00:58:02 [ERROR] Cant initalise module 'second Plugin Lol' because __plugin_init__.py is not present
00:58:02 [ERROR] Cant initalise module 'this is a veeeeeeeeeeerrrrrryy looooong plugin naaame' because __plugin_init__.py is not present
00:58:02 [ERROR] Cant initalise module 'uhhhh whatever' because __plugin_init__.py is not present
01:01:11 [ERROR] Cant initalise module 'dfgfgdh' because __plugin_init__.py is not present
01:01:11 [ERROR] Cant initalise module 'more_plugins' because __plugin_init__.py is not present
01:01:11 [ERROR] Cant initalise module 'second Plugin Lol' because __plugin_init__.py is not present
01:01:11 [ERROR] Cant initalise module 'this is a veeeeeeeeeeerrrrrryy looooong plugin naaame' because __plugin_init__.py is not present
01:01:11 [ERROR] Cant initalise module 'uhhhh whatever' because __plugin_init__.py is not present
01:01:30 [ERROR] Cant initalise module 'dfgfgdh' because __plugin_init__.py is not present
01:01:30 [ERROR] Cant initalise module 'more_plugins' because __plugin_init__.py is not present
01:01:30 [ERROR] Cant initalise module 'second Plugin Lol' because __plugin_init__.py is not present
01:01:30 [ERROR] Cant initalise module 'this is a veeeeeeeeeeerrrrrryy looooong plugin naaame' because __plugin_init__.py is not present
01:01:30 [ERROR] Cant initalise module 'uhhhh whatever' because __plugin_init__.py is not present
01:02:00 [ERROR] Cant initalise module 'dfgfgdh' because __plugin_init__.py is not present
01:02:00 [ERROR] Cant initalise module 'more_plugins' because __plugin_init__.py is not present
01:02:00 [ERROR] Cant initalise module 'second Plugin Lol' because __plugin_init__.py is not present
01:02:00 [ERROR] Cant initalise module 'this is a veeeeeeeeeeerrrrrryy looooong plugin naaame' because __plugin_init__.py is not present
01:02:00 [ERROR] Cant initalise module 'uhhhh whatever' because __plugin_init__.py is not present
01:02:43 [ERROR] Cant initalise module 'dfgfgdh' because __plugin_init__.py is not present
01:02:43 [ERROR] Cant initalise module 'more_plugins' because __plugin_init__.py is not present
01:02:43 [ERROR] Cant initalise module 'second Plugin Lol' because __plugin_init__.py is not present
01:02:43 [ERROR] Cant initalise module 'this is a veeeeeeeeeeerrrrrryy looooong plugin naaame' because __plugin_init__.py is not present
01:02:43 [ERROR] Cant initalise module 'uhhhh whatever' because __plugin_init__.py is not present
01:03:10 [ERROR] Cant initalise module 'dfgfgdh' because __plugin_init__.py is not present
01:03:10 [ERROR] Cant initalise module 'more_plugins' because __plugin_init__.py is not present
01:03:10 [ERROR] Cant initalise module 'second Plugin Lol' because __plugin_init__.py is not present
01:03:10 [ERROR] Cant initalise module 'this is a veeeeeeeeeeerrrrrryy looooong plugin naaame' because __plugin_init__.py is not present
01:03:10 [ERROR] Cant initalise module 'uhhhh whatever' because __plugin_init__.py is not present
01:07:23 [ERROR] Cant initalise module 'dfgfgdh' because __plugin_init__.py is not present
01:07:23 [ERROR] Cant initalise module 'more_plugins' because __plugin_init__.py is not present
01:07:23 [ERROR] Cant initalise module 'second Plugin Lol' because __plugin_init__.py is not present
01:07:23 [ERROR] Cant initalise module 'this is a veeeeeeeeeeerrrrrryy looooong plugin naaame' because __plugin_init__.py is not present
01:07:23 [ERROR] Cant initalise module 'uhhhh whatever' because __plugin_init__.py is not present
01:08:07 [ERROR] Cant initalise module 'dfgfgdh' because __plugin_init__.py is not present
01:08:07 [ERROR] Cant initalise module 'more_plugins' because __plugin_init__.py is not present
01:08:07 [ERROR] Cant initalise module 'second Plugin Lol' because __plugin_init__.py is not present
01:08:07 [ERROR] Cant initalise module 'this is a veeeeeeeeeeerrrrrryy looooong plugin naaame' because __plugin_init__.py is not present
01:08:07 [ERROR] Cant initalise module 'uhhhh whatever' because __plugin_init__.py is not present
01:13:04 [ERROR] Cant initalise module 'dfgfgdh' because __plugin_init__.py is not present
01:13:04 [ERROR] Cant initalise module 'more_plugins' because __plugin_init__.py is not present
01:13:04 [ERROR] Cant initalise module 'second Plugin Lol' because __plugin_init__.py is not present
01:13:04 [ERROR] Cant initalise module 'this is a veeeeeeeeeeerrrrrryy looooong plugin naaame' because __plugin_init__.py is not present
01:13:04 [ERROR] Cant initalise module 'uhhhh whatever' because __plugin_init__.py is not present
