21:54:16 [ERROR] Cant initalise module 'dfgfgdh' because __plugin_init__.py is not present
21:54:16 [ERROR] Cant initalise module 'more_plugins' because __plugin_init__.py is not present
21:54:16 [ERROR] Cant initalise module 'second Plugin Lol' because __plugin_init__.py is not present
21:54:17 [ERROR] Cant initalise module 'this is a veeeeeeeeeeerrrrrryy looooong plugin naaame' because __plugin_init__.py is not present
21:54:17 [ERROR] Cant initalise module 'uhhhh whatever' because __plugin_init__.py is not present
21:58:19 [ERROR] Cant initalise module 'dfgfgdh' because __plugin_init__.py is not present
21:58:19 [ERROR] Cant initalise module 'more_plugins' because __plugin_init__.py is not present
21:58:19 [ERROR] Cant initalise module 'second Plugin Lol' because __plugin_init__.py is not present
21:58:19 [ERROR] Cant initalise module 'this is a veeeeeeeeeeerrrrrryy looooong plugin naaame' because __plugin_init__.py is not present
21:58:19 [ERROR] Cant initalise module 'uhhhh whatever' because __plugin_init__.py is not present
22:35:19 [ERROR] Cant initalise module 'dfgfgdh' because __plugin_init__.py is not present
22:35:19 [ERROR] Cant initalise module 'more_plugins' because __plugin_init__.py is not present
22:35:19 [ERROR] Cant initalise module 'second Plugin Lol' because __plugin_init__.py is not present
22:35:19 [ERROR] Cant initalise module 'this is a veeeeeeeeeeerrrrrryy looooong plugin naaame' because __plugin_init__.py is not present
22:35:19 [ERROR] Cant initalise module 'uhhhh whatever' because __plugin_init__.py is not present
22:44:48 [ERROR] Cant initalise module 'dfgfgdh' because __plugin_init__.py is not present
22:44:48 [ERROR] Cant initalise module 'more_plugins' because __plugin_init__.py is not present
22:44:48 [ERROR] Cant initalise module 'second Plugin Lol' because __plugin_init__.py is not present
22:44:48 [ERROR] Cant initalise module 'this is a veeeeeeeeeeerrrrrryy looooong plugin naaame' because __plugin_init__.py is not present
22:44:48 [ERROR] Cant initalise module 'uhhhh whatever' because __plugin_init__.py is not present
22:45:27 [ERROR] Cant initalise module 'dfgfgdh' because __plugin_init__.py is not present
22:45:27 [ERROR] Cant initalise module 'more_plugins' because __plugin_init__.py is not present
22:45:27 [ERROR] Cant initalise module 'second Plugin Lol' because __plugin_init__.py is not present
22:45:27 [ERROR] Cant initalise module 'this is a veeeeeeeeeeerrrrrryy looooong plugin naaame' because __plugin_init__.py is not present
22:45:27 [ERROR] Cant initalise module 'uhhhh whatever' because __plugin_init__.py is not present
23:01:25 [ERROR] Cant initalise module 'dfgfgdh' because __plugin_init__.py is not present
23:01:25 [ERROR] Cant initalise module 'more_plugins' because __plugin_init__.py is not present
23:01:25 [ERROR] Cant initalise module 'second Plugin Lol' because __plugin_init__.py is not present
23:01:25 [ERROR] Cant initalise module 'this is a veeeeeeeeeeerrrrrryy looooong plugin naaame' because __plugin_init__.py is not present
23:01:25 [ERROR] Cant initalise module 'uhhhh whatever' because __plugin_init__.py is not present
23:02:29 [ERROR] Cant initalise module 'dfgfgdh' because __plugin_init__.py is not present
23:02:29 [ERROR] Cant initalise module 'more_plugins' because __plugin_init__.py is not present
23:02:29 [ERROR] Cant initalise module 'second Plugin Lol' because __plugin_init__.py is not present
23:02:29 [ERROR] Cant initalise module 'this is a veeeeeeeeeeerrrrrryy looooong plugin naaame' because __plugin_init__.py is not present
23:02:29 [ERROR] Cant initalise module 'uhhhh whatever' because __plugin_init__.py is not present
23:03:47 [ERROR] Cant initalise module 'dfgfgdh' because __plugin_init__.py is not present
23:03:47 [ERROR] Cant initalise module 'more_plugins' because __plugin_init__.py is not present
23:03:47 [ERROR] Cant initalise module 'second Plugin Lol' because __plugin_init__.py is not present
23:03:47 [ERROR] Cant initalise module 'this is a veeeeeeeeeeerrrrrryy looooong plugin naaame' because __plugin_init__.py is not present
23:03:47 [ERROR] Cant initalise module 'uhhhh whatever' because __plugin_init__.py is not present
23:06:31 [ERROR] Cant initalise module 'dfgfgdh' because __plugin_init__.py is not present
23:06:31 [ERROR] Cant initalise module 'more_plugins' because __plugin_init__.py is not present
23:06:31 [ERROR] Cant initalise module 'second Plugin Lol' because __plugin_init__.py is not present
23:06:31 [ERROR] Cant initalise module 'this is a veeeeeeeeeeerrrrrryy looooong plugin naaame' because __plugin_init__.py is not present
23:06:31 [ERROR] Cant initalise module 'uhhhh whatever' because __plugin_init__.py is not present
